// Jest Snapshot v1, https://goo.gl/fbAQLP

exports[`Home Page renders grocery types and grocery item 1`] = `
<div>
  <div
    class="HomePage"
  >
    <div
      class="sticky"
      data-testid="count-cart"
      style="background-color: rgb(217, 249, 157);"
    >
      0
      <a
        href="/shop"
      >
        <img
          alt="go to cart"
          class="cart-button"
          src="cart.svg"
        />
      </a>
    </div>
    <div>
      <div
        class="grocery-type"
      >
        <img
          alt="Fruits"
          src="fruits.png"
        />
        <div>
          Fruits
        </div>
      </div>
      <div
        class="type-group"
      >
        <div
          class="item-card"
        >
          <img
            alt="Apple"
            class="item-pic"
            src="apple.png"
          />
          <div
            class="item-name"
          >
            Apple
          </div>
          <div
            class="item-price"
          >
            Rs. 
            60
            /-
          </div>
          <div
            class="quantity"
          >
            <button>
              -
            </button>
            <input
              type="text"
              value="0"
            />
            <button>
              +
            </button>
          </div>
          <button>
            Add to 
            <img
              alt="cart"
              src="cart.svg"
            />
          </button>
        </div>
        <div
          class="item-card"
        >
          <img
            alt="Banana"
            class="item-pic"
            src="banana.png"
          />
          <div
            class="item-name"
          >
            Banana
          </div>
          <div
            class="item-price"
          >
            Rs. 
            40
            /-
          </div>
          <div
            class="quantity"
          >
            <button>
              -
            </button>
            <input
              type="text"
              value="0"
            />
            <button>
              +
            </button>
          </div>
          <button>
            Add to 
            <img
              alt="cart"
              src="cart.svg"
            />
          </button>
        </div>
        <div
          class="item-card"
        >
          <img
            alt="Mango"
            class="item-pic"
            src="mango.png"
          />
          <div
            class="item-name"
          >
            Mango
          </div>
          <div
            class="item-price"
          >
            Rs. 
            70
            /-
          </div>
          <div
            class="quantity"
          >
            <button>
              -
            </button>
            <input
              type="text"
              value="0"
            />
            <button>
              +
            </button>
          </div>
          <button>
            Add to 
            <img
              alt="cart"
              src="cart.svg"
            />
          </button>
        </div>
      </div>
    </div>
    <div>
      <div
        class="grocery-type"
      >
        <img
          alt="Vegetables"
          src="vegetables.png"
        />
        <div>
          Vegetables
        </div>
      </div>
      <div
        class="type-group"
      >
        <div
          class="item-card"
        >
          <img
            alt="Spinach"
            class="item-pic"
            src="spinach.png"
          />
          <div
            class="item-name"
          >
            Spinach
          </div>
          <div
            class="item-price"
          >
            Rs. 
            10
            /-
          </div>
          <div
            class="quantity"
          >
            <button>
              -
            </button>
            <input
              type="text"
              value="0"
            />
            <button>
              +
            </button>
          </div>
          <button>
            Add to 
            <img
              alt="cart"
              src="cart.svg"
            />
          </button>
        </div>
        <div
          class="item-card"
        >
          <img
            alt="Cabbage"
            class="item-pic"
            src="cabbage.png"
          />
          <div
            class="item-name"
          >
            Cabbage
          </div>
          <div
            class="item-price"
          >
            Rs. 
            80
            /-
          </div>
          <div
            class="quantity"
          >
            <button>
              -
            </button>
            <input
              type="text"
              value="0"
            />
            <button>
              +
            </button>
          </div>
          <button>
            Add to 
            <img
              alt="cart"
              src="cart.svg"
            />
          </button>
        </div>
        <div
          class="item-card"
        >
          <img
            alt="Potato"
            class="item-pic"
            src="potato.png"
          />
          <div
            class="item-name"
          >
            Potato
          </div>
          <div
            class="item-price"
          >
            Rs. 
            80
            /-
          </div>
          <div
            class="quantity"
          >
            <button>
              -
            </button>
            <input
              type="text"
              value="0"
            />
            <button>
              +
            </button>
          </div>
          <button>
            Add to 
            <img
              alt="cart"
              src="cart.svg"
            />
          </button>
        </div>
      </div>
    </div>
    <div>
      <div
        class="grocery-type"
      >
        <img
          alt="Meat"
          src="meat.png"
        />
        <div>
          Meat
        </div>
      </div>
      <div
        class="type-group"
      >
        <div
          class="item-card"
        >
          <img
            alt="Chicken"
            class="item-pic"
            src="chicken.png"
          />
          <div
            class="item-name"
          >
            Chicken
          </div>
          <div
            class="item-price"
          >
            Rs. 
            60
            /-
          </div>
          <div
            class="quantity"
          >
            <button>
              -
            </button>
            <input
              type="text"
              value="0"
            />
            <button>
              +
            </button>
          </div>
          <button>
            Add to 
            <img
              alt="cart"
              src="cart.svg"
            />
          </button>
        </div>
        <div
          class="item-card"
        >
          <img
            alt="Lamb"
            class="item-pic"
            src="lamb.png"
          />
          <div
            class="item-name"
          >
            Lamb
          </div>
          <div
            class="item-price"
          >
            Rs. 
            90
            /-
          </div>
          <div
            class="quantity"
          >
            <button>
              -
            </button>
            <input
              type="text"
              value="0"
            />
            <button>
              +
            </button>
          </div>
          <button>
            Add to 
            <img
              alt="cart"
              src="cart.svg"
            />
          </button>
        </div>
        <div
          class="item-card"
        >
          <img
            alt="Goat"
            class="item-pic"
            src="goat.png"
          />
          <div
            class="item-name"
          >
            Goat
          </div>
          <div
            class="item-price"
          >
            Rs. 
            150
            /-
          </div>
          <div
            class="quantity"
          >
            <button>
              -
            </button>
            <input
              type="text"
              value="0"
            />
            <button>
              +
            </button>
          </div>
          <button>
            Add to 
            <img
              alt="cart"
              src="cart.svg"
            />
          </button>
        </div>
      </div>
    </div>
  </div>
</div>
`;
